// Jest Snapshot v1, https://goo.gl/fbAQLP

exports[`provides responsive values to style prop 1`] = `
.emotion-0 {
  font-size: 0;
  padding-top: 0;
  padding-left: 2.5px;
  padding-right: 2.5px;
  padding-bottom: 0.5px;
}

@media screen and (min-width:1rem) {
  .emotion-0 {
    font-size: 1px;
    padding-top: 0.25px;
    padding-left: 2.75px;
    padding-right: 2.75px;
  }
}

@media screen and (min-width:2rem) {
  .emotion-0 {
    font-size: 12px;
    padding-top: 0.5px;
    padding-left: 3px;
    padding-right: 3px;
  }
}

@media screen and (min-width:3rem) {
  .emotion-0 {
    font-size: 13px;
    padding-top: 0.75px;
    padding-left: 3.25px;
    padding-right: 3.25px;
  }
}

<div
  className="emotion-0"
/>
`;

exports[`theme 1`] = `
Object {
  "breakpoints": Array [
    "40rem",
    "52rem",
    "64rem",
  ],
  "fontSizeScales": Object {
    "base": Array [
      1,
      2,
      3,
      4,
    ],
    "large": Array [
      8,
      9,
      10,
      11,
    ],
    "small": Array [
      0,
      1,
      2,
      3,
    ],
  },
  "fontSizes": Array [
    "0.75rem",
    "0.95rem",
    "1.15rem",
    "1.35rem",
    "1.55rem",
    "1.85rem",
    "2.05rem",
    "2.25rem",
    "2.45rem",
    "2.65rem",
    "2.85rem",
    "3.05rem",
    "3.25rem",
    "3.45rem",
    "3.65rem",
    "3.95rem",
    "4.15rem",
    "4.35rem",
    "4.55rem",
    "4.75rem",
    "4.95rem",
    "5.15rem",
    "5.35rem",
    "5.55rem",
    "5.75rem",
    "6.05rem",
  ],
  "space": Array [
    0,
    0.3,
    0.5,
    0.8,
    1,
    1.3,
    1.5,
    1.8,
    2,
    2.3,
    2.5,
    2.8,
    3,
    3.3,
    3.5,
    3.8,
    4,
    4.3,
    4.5,
    4.8,
    5,
    5.3,
    5.5,
    5.8,
    6,
    6.3,
    6.5,
    6.8,
    7,
    7.3,
    7.5,
    7.8,
    8,
    8.3,
    8.5,
    8.8,
    9,
    9.3,
    9.5,
    9.8,
    10,
  ],
  "spaceScales": Object {
    "base": Array [
      4,
      5,
      6,
      7,
    ],
    "large": Array [
      8,
      9,
      10,
      11,
    ],
    "small": Array [
      1,
      2,
      3,
      4,
    ],
  },
}
`;
